<b>标题区</b>
<pre>观望 ETHUSDT 决策报告 (Snapshot: 202)
可交易: 🔴 不可交易 (NO) | 动作: WAIT | 方向: 空头
时间: 2026-03-27 08:09:10 UTC +0000 | 价格: 2410</pre>

<b>叙事分析</b>
<b>🧭 状态</b>
<pre>结构仍在；震荡</pre>

<b>⚙️ 动作</b>
<pre>尚未给出入场；等待确认</pre>

<b>⚔️ 冲突</b>
<pre>短线动能与结构不一致</pre>

<b>🛡️ 风险</b>
<pre>拥挤度偏高；清算压力抬升</pre>

<b>关键仪表</b>
<pre>信心指数: 52 / 100
Gate等级: 41
可交易: 🔴 不可交易 (NO)
主要原因: 三路共识未通过
趋势方向: 空头
可交易判定: 指标=动量扩张&amp;趋势一致&amp;无噪音; 结构=结构清晰&amp;完整; 市场机制=无清算压力
方向权重: 结构1.0 / 指标0.7 / 市场机制0.5
命中规则: 三路共识未通过
停在步骤: 脚本条件
三路得分: 结构=-0.4 / 指标=0.8 / 市场机制=0.1
共识总分: 0.33 (需达到 |score| &gt;= 1.2)
共识置信: 0.52 (需达到 &gt;= 0.7)</pre>

<b>风控拦截详情</b>
<pre>拦截动作: 观望
拦截代码: <code>CROWD_ALIGN_LOW_BLOCK</code>
人话解释: 同向拥挤/低置信/拦截</pre>
